18:29:06 **** Incremental Build of configuration Debug for project lpc_chip_43xx ****
make -r all 
make: Nothing to be done for 'all'.
18:29:06 **** Build of configuration Debug for project TP_Regularizador ****
make -r -j8 all 
Building target: TP_Regularizador.axf
Invoking: MCU Linker
arm-none-eabi-gcc -nostdlib -L"C:\Users\nacho\Desktop\Facultad\Electronica_Digital_II\TP_Final\lpc_chip_43xx\Debug" -Xlinker -Map="TP_Regularizador.map" -Xlinker --gc-sections -Xlinker -print-memory-usage -mcpu=cortex-m4 -mfpu=fpv4-sp-d16 -mfloat-abi=softfp -mthumb -T "edu_ciaa_nxp_Debug.ld" -o "TP_Regularizador.axf"  ./src/cr_startup_lpc43xx.o ./src/main.o ./src/sysinit.o   -llpc_chip_43xx
Memory region         Used Size  Region Size  %age Used
      MFlashA512:       11148 B       512 KB      2.13%
      MFlashB512:          0 GB       512 KB      0.00%
        RamLoc32:        3080 B        32 KB      9.40%
        RamLoc40:          0 GB        40 KB      0.00%
        RamAHB32:          0 GB        32 KB      0.00%
        RamAHB16:          0 GB        16 KB      0.00%
    RamAHB_ETB16:          0 GB        16 KB      0.00%
Finished building target: TP_Regularizador.axf
 
make --no-print-directory post-build
Performing post-build steps
arm-none-eabi-size "TP_Regularizador.axf"; # arm-none-eabi-objcopy -v -O binary "TP_Regularizador.axf" "TP_Regularizador.bin" ; # checksum -p LPC4337 -d "TP_Regularizador.bin";
   text	   data	    bss	    dec	    hex	filename
  11148	      0	   3080	  14228	   3794	TP_Regularizador.axf
 
18:30:39 **** Incremental Build of configuration Debug for project TP_Regularizador ****
make -r -j8 all 
make: Nothing to be done for 'all'.
